MA1 /work/reda/MLEA/data/USER1_1.txt
MB2 /work/reda/MLEA/data/USER1_1.txt /work/reda/MLEA/data/USER1_2.txt /work/reda/MLEA/data/USER1_3.txt /work/reda/MLEA/data/USER1_4.txt
MC3 /work/reda/MLEA/data/USER1_1.txt /work/reda/MLEA/data/USER1_2.txt /work/reda/MLEA/data/USER1_3.txt /work/reda/MLEA/data/USER1_4.txt /work/reda/MLEA/data/USER1_5.txt /work/reda/MLEA/data/USER1_6.txt /work/reda/MLEA/data/USER1_7.txt /work/reda/MLEA/data/USER1_8.txt
MA4 /work/reda/MLEA/data/USER2_1.txt
MB5 /work/reda/MLEA/data/USER2_1.txt /work/reda/MLEA/data/USER2_2.txt /work/reda/MLEA/data/USER2_3.txt /work/reda/MLEA/data/USER2_4.txt
MC6 /work/reda/MLEA/data/USER2_1.txt /work/reda/MLEA/data/USER2_2.txt /work/reda/MLEA/data/USER2_3.txt /work/reda/MLEA/data/USER2_4.txt /work/reda/MLEA/data/USER2_5.txt /work/reda/MLEA/data/USER2_6.txt /work/reda/MLEA/data/USER2_7.txt /work/reda/MLEA/data/USER2_8.txt

MA7 /work/reda/MLEA/data/USER3_1.txt
MB8 /work/reda/MLEA/data/USER3_1.txt /work/reda/MLEA/data/USER3_2.txt /work/reda/MLEA/data/USER3_3.txt /work/reda/MLEA/data/USER3_4.txt
MC9 /work/reda/MLEA/data/USER3_1.txt /work/reda/MLEA/data/USER3_2.txt /work/reda/MLEA/data/USER3_3.txt /work/reda/MLEA/data/USER3_4.txt /work/reda/MLEA/data/USER3_5.txt /work/reda/MLEA/data/USER3_6.txt /work/reda/MLEA/data/USER3_7.txt /work/reda/MLEA/data/USER3_8.txt

MA10 /work/reda/MLEA/data/USER4_1.txt
MB11 /work/reda/MLEA/data/USER4_1.txt /work/reda/MLEA/data/USER4_2.txt /work/reda/MLEA/data/USER4_3.txt /work/reda/MLEA/data/USER4_4.txt
MC12 /work/reda/MLEA/data/USER4_1.txt /work/reda/MLEA/data/USER4_2.txt /work/reda/MLEA/data/USER4_3.txt /work/reda/MLEA/data/USER4_4.txt /work/reda/MLEA/data/USER4_5.txt /work/reda/MLEA/data/USER4_6.txt /work/reda/MLEA/data/USER4_7.txt /work/reda/MLEA/data/USER4_8.txt

MA13 /work/reda/MLEA/data/USER5_1.txt
MB14 /work/reda/MLEA/data/USER5_1.txt /work/reda/MLEA/data/USER5_2.txt /work/reda/MLEA/data/USER5_3.txt /work/reda/MLEA/data/USER5_4.txt
MC15 /work/reda/MLEA/data/USER5_1.txt /work/reda/MLEA/data/USER5_2.txt /work/reda/MLEA/data/USER5_3.txt /work/reda/MLEA/data/USER5_4.txt /work/reda/MLEA/data/USER5_5.txt /work/reda/MLEA/data/USER5_6.txt /work/reda/MLEA/data/USER5_7.txt /work/reda/MLEA/data/USER5_8.txt

MA16 /work/reda/MLEA/data/USER6_1.txt
MB17 /work/reda/MLEA/data/USER6_1.txt /work/reda/MLEA/data/USER6_2.txt /work/reda/MLEA/data/USER6_3.txt /work/reda/MLEA/data/USER6_4.txt
MC18 /work/reda/MLEA/data/USER6_1.txt /work/reda/MLEA/data/USER6_2.txt /work/reda/MLEA/data/USER6_3.txt /work/reda/MLEA/data/USER6_4.txt /work/reda/MLEA/data/USER6_5.txt /work/reda/MLEA/data/USER6_6.txt /work/reda/MLEA/data/USER6_7.txt /work/reda/MLEA/data/USER6_8.txt

MA19 /work/reda/MLEA/data/USER7_1.txt
MB20 /work/reda/MLEA/data/USER7_1.txt /work/reda/MLEA/data/USER7_2.txt /work/reda/MLEA/data/USER7_3.txt /work/reda/MLEA/data/USER7_4.txt
